18:47:09 **** Incremental Build of configuration Debug for project otter-firmware ****
make -j20 all 
arm-none-eabi-gcc "../Core/Src/main.c" -mcpu=cortex-m4 -std=gnu11 -g3 -DDEBUG -DUSE_HAL_DRIVER -DSTM32F446xx -c -I../Core/Inc -I../Drivers/STM32F4xx_HAL_Driver/Inc -I../Drivers/STM32F4xx_HAL_Driver/Inc/Legacy -I../Drivers/CMSIS/Device/ST/STM32F4xx/Include -I../Drivers/CMSIS/Include -O0 -ffunction-sections -fdata-sections -Wall -fstack-usage -fcyclomatic-complexity -MMD -MP -MF"Core/Src/main.d" -MT"Core/Src/main.o" --specs=nano.specs -mfpu=fpv4-sp-d16 -mfloat-abi=hard -mthumb -o "Core/Src/main.o"
arm-none-eabi-gcc -o "otter-firmware.elf" @"objects.list"   -mcpu=cortex-m4 -T"C:\Users\Matthew King\STM32CubeIDE\workspace_1.17.0\DataAcq-LeaderFirmware\otter-firmware\STM32F446RETX_FLASH.ld" --specs=nosys.specs -Wl,-Map="otter-firmware.map" -Wl,--gc-sections -static --specs=nano.specs -mfpu=fpv4-sp-d16 -mfloat-abi=hard -mthumb -Wl,--start-group -lc -lm -Wl,--end-group
Finished building target: otter-firmware.elf
 
arm-none-eabi-size  otter-firmware.elf 
arm-none-eabi-objdump -h -S otter-firmware.elf  > "otter-firmware.list"
   text	   data	    bss	    dec	    hex	filename
   6376	     12	   1572	   7960	   1f18	otter-firmware.elf
Finished building: default.size.stdout
 
Finished building: otter-firmware.list
 
18:47:21 **** Incremental Build of configuration Debug for project otter-firmware ****
make -j20 all 
arm-none-eabi-size  otter-firmware.elf 
   text	   data	    bss	    dec	    hex	filename
   6376	     12	   1572	   7960	   1f18	otter-firmware.elf
Finished building: default.size.stdout
 
